// Jest Snapshot v1, https://goo.gl/fbAQLP

exports[`App component renders App 1`] = `
<Fragment>
  <Header />
  <UsernameInput
    onChange={[Function]}
    onSubmit={[Function]}
  />
  <UserInfo
    followerCount={3}
    followingCount={5}
    login="Frogs"
    name="Frogs"
  />
</Fragment>
`;
